node : (node:21868) 
ExperimentalWarning: VM Modules is 
an experimental feature and might 
change at any time
En línea: 1 Carácter: 1
+ node --experimental-vm-modules 
node_modules/jest/bin/jest.js 
tests/un ...
+ ~~~~~~~~~~~~~~~~~~~~~~~~~~~~~~~~~~~
~~~~~~~~~~~~~~~~~~~~~~~~~~~~~~~~~~
    + CategoryInfo          : NotSpe 
   cified: ((node:21868) Ex...nge a  
  t any time:String) [], RemoteExc   
 eption
    + FullyQualifiedErrorId : Native 
   CommandError
 
(Use `node --trace-warnings ...` to 
show where the warning was created)
FAIL tests/unit/controllers/businessV
alidations.test.js
  Advanced Business Validations
    Tractor Validations
      × Should not allow deleting a 
tractor with active recommendations 
(10 ms)
      × Should allow deleting a 
tractor without recommendations (1 
ms)
      √ Should fail if engine power 
is out of range (5 HP) (2 ms)
      √ Should fail if engine power 
is out of range (600 HP) (1 ms)
    User Deletion Validations
      √ Should not allow deleting a 
user with active terrains (1 ms)
      × Should allow deleting a user 
without terrains (1 ms)
    Terrain Area Validations
      √ Should fail if area is too 
small (0.05 ha) (1 ms)
      √ Should fail if area is too 
large (15,000 ha)
      √ Should succeed if area is in 
range (100 ha)
    Implement Power Validations
      √ Should fail if required 
power is too low (2 HP)
      √ Should fail if required 
power is too high (1000 HP)

  ● Advanced Business Validations › 
Tractor Validations › Should not 
allow deleting a tractor with active 
recommendations

    expect(jest.fn()).toHaveBeenCalle
dWith(...expected)

    Expected: 400

    Number of calls: 0

    [0m [90m 107 |[39m       
[36mawait[39m tractorController[33
m.[39mdeleteTractor(r[33m,[39m 
s)[33m;[39m
     [90m 108 |[39m
    [31m[1m>[22m[39m[90m 109 
|[39m       expect(s[33m.[39mstatu
s)[33m.[39mtoHaveBeenCalledWith([3
5m400[39m)[33m;[39m
     [90m     |[39m                
        [31m[1m^[22m[39m
     [90m 110 |[39m       expect(s
[33m.[39mjson)[33m.[39mtoHaveBeenC
alledWith(
     [90m 111 |[39m         
expect[33m.[39mobjectContaining({
     [90m 112 |[39m           
message[33m:[39m[0m

      at Object.<anonymous> (tests/un
it/controllers/businessValidations.te
st.js:109:24)

  ● Advanced Business Validations › 
Tractor Validations › Should allow 
deleting a tractor without 
recommendations

    expect(jest.fn()).toHaveBeenCalle
dWith(...expected)

    Expected: ObjectContaining 
{"success": true}

    Number of calls: 0

    [0m [90m 129 |[39m       
[36mawait[39m tractorController[33
m.[39mdeleteTractor(r[33m,[39m 
s)[33m;[39m
     [90m 130 |[39m
    [31m[1m>[22m[39m[90m 131 
|[39m       expect(s[33m.[39mjson)
[33m.[39mtoHaveBeenCalledWith(
     [90m     |[39m                
      [31m[1m^[22m[39m
     [90m 132 |[39m         
expect[33m.[39mobjectContaining({ 
success[33m:[39m [36mtrue[39m 
})[33m,[39m
     [90m 133 |[39m       
)[33m;[39m
     [90m 134 |[39m       expect(mo
ckUpdateTractor)[33m.[39mtoHaveBeen
CalledWith([35m1[39m[33m,[39m { 
status[33m:[39m 
[32m"inactive"[39m 
})[33m;[39m[0m

      at Object.<anonymous> (tests/un
it/controllers/businessValidations.te
st.js:131:22)

  ● Advanced Business Validations › 
User Deletion Validations › Should 
allow deleting a user without 
terrains

    expect(jest.fn()).toHaveBeenCalle
dWith(...expected)

    Expected: ObjectContaining 
{"message": "Usuario eliminado 
exitosamente"}

    Number of calls: 0

    [0m [90m 177 |[39m       
[36mawait[39m authController[33m.
[39mdeleteUser(r[33m,[39m 
s)[33m;[39m
     [90m 178 |[39m
    [31m[1m>[22m[39m[90m 179 
|[39m       expect(s[33m.[39mjson)
[33m.[39mtoHaveBeenCalledWith(
     [90m     |[39m                
      [31m[1m^[22m[39m
     [90m 180 |[39m         
expect[33m.[39mobjectContaining({ 
message[33m:[39m [32m"Usuario 
eliminado exitosamente"[39m 
})[33m,[39m
     [90m 181 |[39m       
)[33m;[39m
     [90m 182 |[39m     
})[33m;[39m[0m

      at Object.<anonymous> (tests/un
it/controllers/businessValidations.te
st.js:179:22)

Test Suites: 1 failed, 1 total
Tests:       3 failed, 8 passed, 11 
total
Snapshots:   0 total
Time:        0.585 s, estimated 1 s
Ran all test suites matching tests/un
it/controllers/businessValidations.te
st.js.
